// Jest Snapshot v1, https://goo.gl/fbAQLP

exports[`testing al cliente comprobar objeto 1`] = `
{
  "balance": 500,
  "nombre": "Juan P",
  "tipo": "premium",
}
`;
